@apps/backend test: bun test v1.3.6 (d530ed99)
@apps/backend test: 
@apps/backend test: test/api.test.ts:
@apps/backend test: 2026-01-29 22:22:54.142737: I tensorflow/core/util/util.cc:169] oneDNN custom operations are on. You may see slightly different numerical results due to floating-point round-off errors from different computation orders. To turn them off, set the environment variable `TF_ENABLE_ONEDNN_OPTS=0`.
@apps/backend test: 2026-01-29 22:22:54.169024: I tensorflow/core/platform/cpu_feature_guard.cc:193] This TensorFlow binary is optimized with oneAPI Deep Neural Network Library (oneDNN) to use the following CPU instructions in performance-critical operations:  AVX2 AVX_VNNI FMA
@apps/backend test: To enable them in other operations, rebuild TensorFlow with the appropriate compiler flags.
@apps/backend test: 
@apps/backend test: # Unhandled error between tests
@apps/backend test: -------------------------------
@apps/backend test:  6 |  */
@apps/backend test:  7 | 
@apps/backend test:  8 | function getRequiredEnv(name: string): string {
@apps/backend test:  9 |     const value = process.env[name];
@apps/backend test: 10 |     if (!value) {
@apps/backend test: 11 |         throw new Error(`❌ Missing required environment variable: ${name}`);
@apps/backend test:                        ^
@apps/backend test: error: ❌ Missing required environment variable: JWT_SECRET
@apps/backend test:       at getRequiredEnv (/home/dmin/projects/analisis/apps/backend/src/config.ts:11:19)
@apps/backend test:       at getJwtSecret (/home/dmin/projects/analisis/apps/backend/src/config.ts:25:22)
@apps/backend test:       at /home/dmin/projects/analisis/apps/backend/src/modules/analysis/analysis.controller.ts:15:17
@apps/backend test:       at loadAndEvaluateModule (2:1)
@apps/backend test: -------------------------------
@apps/backend test: 
@apps/backend test: 
@apps/backend test: test/market.test.ts:
@apps/backend test: Testing Unauthorized Access...
@apps/backend test: 13 |             method: 'POST',
@apps/backend test: 14 |             headers: { 'Content-Type': 'application/json' },
@apps/backend test: 15 |             body: JSON.stringify({ ticker: 'AAPL', type: 'STOCK' })
@apps/backend test: 16 |         });
@apps/backend test: 17 | 
@apps/backend test: 18 |         const res = await app.handle(req);
@apps/backend test:                                ^
@apps/backend test: ReferenceError: Cannot access 'app' before initialization.
@apps/backend test:       at <anonymous> (/home/dmin/projects/analisis/apps/backend/test/market.test.ts:18:27)
@apps/backend test:       at <anonymous> (/home/dmin/projects/analisis/apps/backend/test/market.test.ts:9:70)
@apps/backend test: (fail) Market Module Security Integration Test (In-Process) > should BLOCK unauthorized access to /api/market/sync (401) [0.69ms]
@apps/backend test: Testing Dev Backdoor Access...
@apps/backend test: 42 |                 'X-Dev-Secret': 'dev_secret_123'
@apps/backend test: 43 |             },
@apps/backend test: 44 |             body: JSON.stringify({ ticker: 'AAPL', type: 'STOCK' })
@apps/backend test: 45 |         });
@apps/backend test: 46 | 
@apps/backend test: 47 |         const res = await app.handle(req);
@apps/backend test:                                ^
@apps/backend test: ReferenceError: Cannot access 'app' before initialization.
@apps/backend test:       at <anonymous> (/home/dmin/projects/analisis/apps/backend/test/market.test.ts:47:27)
@apps/backend test:       at <anonymous> (/home/dmin/projects/analisis/apps/backend/test/market.test.ts:35:56)
@apps/backend test: (fail) Market Module Security Integration Test (In-Process) > should ALLOW access with X-Dev-Secret header [0.44ms]
@apps/backend test: 
@apps/backend test: test/financials_persistence.test.ts:
@apps/backend test: [Test] Creating symbol TEST-FIN-1769700175007...
@apps/backend test: [Test] Calling getFinancials...
@apps/backend test: [Financials] Fetching TEST-FIN-1769700175007 from Yahoo...
@apps/backend test: [MockProvider] Fetching data for TEST-FIN-1769700175007
@apps/backend test: [Financials] TEST-FIN-1769700175007 Yahoo responded in 0ms
@apps/backend test: [Test] Verifying Database Records...
@apps/backend test: [Test] Financials verified in DB ✅
@apps/backend test: (pass) Financials Service Persistence > should fetch from provider and PERSIST to database for new ticker [30.51ms]
@apps/backend test: [MockProvider] Fetching data for TEST-FIN-1769700175007
@apps/backend test: [Test] Earnings verified in DB ✅
@apps/backend test: (pass) Financials Service Persistence > should persist Earnings data correctly [11.36ms]
@apps/backend test: [Test] Cleaning up...
@apps/backend test: 
@apps/backend test: src/tests/watchlist_auto_register.test.ts:
@apps/backend test: Checking if EMAS.JK exists in DB...
@apps/backend test: EMAS.JK already exists in DB (id: 33045). Test will verify watchlist add.
@apps/backend test: Calling ensureSymbol for EMAS.JK...
@apps/backend test: Result: {
@apps/backend test:   id: 33045,
@apps/backend test:   ticker: "EMAS.JK",
@apps/backend test:   name: "EMAS.JK",
@apps/backend test:   type: "STOCK",
@apps/backend test:   provider: "yahoo",
@apps/backend test:   isActive: true,
@apps/backend test:   iconUrl: null,
@apps/backend test:   lastSyncedAt: null,
@apps/backend test:   description: null,
@apps/backend test:   sector: null,
@apps/backend test:   industry: null,
@apps/backend test:   website: null,
@apps/backend test:   country: null,
@apps/backend test:   metadataUpdatedAt: null,
@apps/backend test: }
@apps/backend test: ✅ EMAS.JK successfully in database with id: 33045
@apps/backend test: (pass) Watchlist Auto-Register Integration > should auto-register a new Indonesian stock (EMAS.JK) when adding to watchlist [6.17ms]
@apps/backend test: 
@apps/backend test: src/tests/yahoo_search.test.ts:
@apps/backend test: Search Results for EMAS.JK: [
@apps/backend test:   {
@apps/backend test:     "ticker": "EMAS.JK",
@apps/backend test:     "name": "Merdeka Gold Resources Tbk.",
@apps/backend test:     "type": "EQUITY",
@apps/backend test:     "exchange": "JKT",
@apps/backend test:     "score": 10000500
@apps/backend test:   }
@apps/backend test: ]
@apps/backend test: (pass) Yahoo Finance Search Integration > should find EMAS.JK (Indonesian Gold Stock) via Yahoo Finance [485.23ms]
@apps/backend test: Found EMAS: {
@apps/backend test:   ticker: "EMAS.JK",
@apps/backend test:   name: "Merdeka Gold Resources Tbk.",
@apps/backend test:   type: "EQUITY",
@apps/backend test:   exchange: "JKT",
@apps/backend test:   score: 10000500,
@apps/backend test: }
@apps/backend test: Search Results for BBCA: [
@apps/backend test:   {
@apps/backend test:     "ticker": "BBCA",
@apps/backend test:     "name": "JPMorgan BetaBuilders Canada ET",
@apps/backend test:     "type": "ETF",
@apps/backend test:     "exchange": "BTS",
@apps/backend test:     "score": 10002500
@apps/backend test:   },
@apps/backend test:   {
@apps/backend test:     "ticker": "BBCA.JK",
@apps/backend test:     "name": "Bank Central Asia Tbk",
@apps/backend test:     "type": "EQUITY",
@apps/backend test:     "exchange": "JKT",
@apps/backend test:     "score": 20087
@apps/backend test:   },
@apps/backend test:   {
@apps/backend test:     "ticker": "BBCA260618C00082000",
@apps/backend test:     "name": "BBCA Jun 2026 82.000 call",
@apps/backend test:     "type": "OPTION",
@apps/backend test:     "exchange": "OPR",
@apps/backend test:     "score": 20000
@apps/backend test:   },
@apps/backend test:   {
@apps/backend test:     "ticker": "IBKD.SI",
@apps/backend test:     "name": "i BBCA ID SDR 1to2",
@apps/backend test:     "type": "EQUITY",
@apps/backend test:     "exchange": "SES",
@apps/backend test:     "score": 20000
@apps/backend test:   },
@apps/backend test:   {
@apps/backend test:     "ticker": "BBCA260320C00090000",
@apps/backend test:     "name": "BBCA Mar 2026 90.000 call",
@apps/backend test:     "type": "OPTION",
@apps/backend test:     "exchange": "OPR",
@apps/backend test:     "score": 20000
@apps/backend test:   },
@apps/backend test:   {
@apps/backend test:     "ticker": "BBCA260618P00092000",
@apps/backend test:     "name": "BBCA Jun 2026 92.000 put",
@apps/backend test:     "type": "OPTION",
@apps/backend test:     "exchange": "OPR",
@apps/backend test:     "score": 20000
@apps/backend test:   }
@apps/backend test: ]
@apps/backend test: Found BBCA: {
@apps/backend test:   ticker: "BBCA",
@apps/backend test:   name: "JPMorgan BetaBuilders Canada ET",
@apps/backend test:   type: "ETF",
@apps/backend test:   exchange: "BTS",
@apps/backend test:   score: 10002500,
@apps/backend test: }
@apps/backend test: (pass) Yahoo Finance Search Integration > should find BBCA.JK (Bank Central Asia) via Yahoo Finance [82.03ms]
@apps/backend test: Search Results for 'Tesla': [
@apps/backend test:   {
@apps/backend test:     "ticker": "TSLA",
@apps/backend test:     "name": "Tesla, Inc.",
@apps/backend test:     "type": "EQUITY",
@apps/backend test:     "exchange": "NMS",
@apps/backend test:     "score": 43110
@apps/backend test:   },
@apps/backend test:   {
@apps/backend test:     "ticker": "TL0.F",
@apps/backend test:     "name": "Tesla Inc.                    R",
@apps/backend test:     "type": "EQUITY",
@apps/backend test:     "exchange": "FRA",
@apps/backend test:     "score": 20026
@apps/backend test:   },
@apps/backend test:   {
@apps/backend test:     "ticker": "TL0.DE",
@apps/backend test:     "name": "Tesla Inc.                    R",
@apps/backend test:     "type": "EQUITY",
@apps/backend test:     "exchange": "GER",
@apps/backend test:     "score": 20021
@apps/backend test:   },
@apps/backend test:   {
@apps/backend test:     "ticker": "TSLA.NE",
@apps/backend test:     "name": "TESLA, INC. CDR (CAD HEDGED)",
@apps/backend test:     "type": "EQUITY",
@apps/backend test:     "exchange": "NEO",
@apps/backend test:     "score": 20016
@apps/backend test:   },
@apps/backend test:   {
@apps/backend test:     "ticker": "0R0X.L",
@apps/backend test:     "name": "TESLA INC TESLA ORD",
@apps/backend test:     "type": "EQUITY",
@apps/backend test:     "exchange": "LSE",
@apps/backend test:     "score": 20006
@apps/backend test:   }
@apps/backend test: ]
@apps/backend test: (pass) Yahoo Finance Search Integration > should find stocks by company name (not just ticker) [114.01ms]
@apps/backend test: Search Results for gibberish: []
@apps/backend test: (pass) Yahoo Finance Search Integration > should return empty array for gibberish search [90.64ms]
@apps/backend test: 
@apps/backend test: src/tests/db_integrity.test.ts:
@apps/backend test: 
@apps/backend test: 📊 Current DB State: 11782 Symbols, 27975327 Market Data Rows
@apps/backend test: 
@apps/backend test: (pass) Database Integrity Check > should have symbols [0.14ms]
@apps/backend test: (pass) Database Integrity Check > should have market data [0.02ms]
@apps/backend test: (pass) Database Integrity Check > should have specific test symbols (AAPL, BTC/USDT) [4.81ms]
@apps/backend test: (pass) Database Integrity Check > should ensure market data is linked to symbols [21.60ms]
@apps/backend test: (pass) Database Integrity Check > should have correct interval data [902.05ms]
@apps/backend test: (pass) Database Integrity Check > should have valid timestamps [9.34ms]
@apps/backend test: 
@apps/backend test: test/unit/market.service.test.ts:
@apps/backend test: [15:22:57] [INFO ] [MarketService] Sync started for TEST (1h)
@apps/backend test: [15:22:57] [INFO ] [MarketService] Saved 1 candles for TEST (1h)
@apps/backend test: 56 |         // But since we use the SAME mock object for all calls, we have to be careful.
@apps/backend test: 57 |         // For simplicity in this limited environment, we'll verify the CALLS were made.
@apps/backend test: 58 | 
@apps/backend test: 59 |         await service.syncSymbolData("TEST", "STOCK");
@apps/backend test: 60 | 
@apps/backend test: 61 |         expect(mockHistorical).toHaveBeenCalled();
@apps/backend test:                                     ^
@apps/backend test: error: expect(received).toHaveBeenCalled()
@apps/backend test: 
@apps/backend test: Expected number of calls: >= 1
@apps/backend test: Received number of calls: 0
@apps/backend test: 
@apps/backend test:       at <anonymous> (/home/dmin/projects/analisis/apps/backend/test/unit/market.service.test.ts:61:32)
@apps/backend test: (fail) MarketService Logic > should call Yahoo Finance when no local data exists [65.56ms]
@apps/backend test: [15:22:57] [INFO ] [MarketService] Sync started for TEST_FRESH (1h)
@apps/backend test: [15:22:59] [ERROR] [MarketService] Failed to sync TEST_FRESH {}
@apps/backend test: 114 |         if (keys.length === 1) {
@apps/backend test: 115 |             const errorObj = result[keys[0]].error;
@apps/backend test: 116 |             if (errorObj) {
@apps/backend test: 117 |                 const errorName = errorObj.code.replace(/ /g, "") + "Error";
@apps/backend test: 118 |                 const ErrorClass = errors[errorName] || Error;
@apps/backend test: 119 |                 throw new ErrorClass(errorObj.description);
@apps/backend test:                             ^
@apps/backend test: error: No data found, symbol may be delisted
@apps/backend test:       at yahooFinanceFetch (/home/dmin/projects/analisis/node_modules/.bun/yahoo-finance2@3.13.0/node_modules/yahoo-finance2/esm/src/lib/yahooFinanceFetch.js:119:23)
@apps/backend test:       at async moduleExec (/home/dmin/projects/analisis/node_modules/.bun/yahoo-finance2@3.13.0/node_modules/yahoo-finance2/esm/src/lib/moduleExec.js:83:29)
@apps/backend test:       at async chart (/home/dmin/projects/analisis/node_modules/.bun/yahoo-finance2@3.13.0/node_modules/yahoo-finance2/esm/src/modules/chart.js:162:32)
@apps/backend test:       at async fetchChart (/home/dmin/projects/analisis/apps/backend/src/modules/market/providers/yahoo-finance.provider.ts:40:34)
@apps/backend test:       at async execute (/home/dmin/projects/analisis/apps/backend/src/utils/rate-limiter.ts:88:38)
@apps/backend test:       at async syncSymbolData (/home/dmin/projects/analisis/apps/backend/src/modules/market/services/sync.service.ts:49:51)
@apps/backend test: (fail) MarketService Logic > should NOT call Yahoo Finance if data is up to date [1488.26ms]
@apps/backend test: 
@apps/backend test:  13 pass
@apps/backend test:  5 fail
@apps/backend test:  1 error
@apps/backend test:  46 expect() calls
@apps/backend test: Ran 18 tests across 7 files. [5.51s]
@apps/backend test: Exited with code 1
